mvn : WARNING: A 
restricted method in 
java.lang.System has 
been called
En línea: 1 
Carácter: 1
+ mvn compile > 
build_output.txt 2>&1
+ ~~~~~~~~~~~~~~~~~~~
~~~~~~~~~~~~~~~~
    + CategoryInfo   
           : NotSpe  
  cified: (WARNING   
 : A rest...has b    
een called:Strin    
g) [], RemoteExc    
eption
    + FullyQualified 
   ErrorId : Native  
  CommandError
 
WARNING: java.lang.Sy
stem::load has been 
called by org.fusesou
rce.jansi.internal.Ja
nsiLoader in an 
unnamed module (file:
/C:/Program%20Files/J
ava/apache-maven-3.9.
8/lib/jansi-2.4.1.jar
)
WARNING: Use --enable
-native-access=ALL-UN
NAMED to avoid a 
warning for callers 
in this module
WARNING: Restricted 
methods will be 
blocked in a future 
release unless 
native access is 
enabled

WARNING: A 
terminally 
deprecated method in 
sun.misc.Unsafe has 
been called
WARNING: sun.misc.Uns
afe::objectFieldOffse
t has been called by 
com.google.common.uti
l.concurrent.Abstract
Future$UnsafeAtomicHe
lper (file:/C:/Progra
m%20Files/Java/apache
-maven-3.9.8/lib/guav
a-33.2.1-jre.jar)
WARNING: Please 
consider reporting 
this to the 
maintainers of class 
com.google.common.uti
l.concurrent.Abstract
Future$UnsafeAtomicHe
lper
WARNING: sun.misc.Uns
afe::objectFieldOffse
t will be removed in 
a future release
[INFO] Scanning for projects...
[INFO] 
[INFO] ---------------------< com.sergiocodev.spring:app >---------------------
[INFO] Building app 0.0.1-SNAPSHOT
[INFO]   from pom.xml
[INFO] --------------------------------[ jar ]---------------------------------
[INFO] 
[INFO] --- resources:3.3.1:resources (default-resources) @ app ---
[INFO] Copying 1 resource from src\main\resources to target\classes
[INFO] Copying 1 resource from src\main\resources to target\classes
[INFO] 
[INFO] --- compiler:3.14.1:compile (default-compile) @ app ---
[INFO] Recompiling the module because of changed source code.
[INFO] Compiling 190 source files with javac [debug parameters release 25] to target\classes
[INFO] -------------------------------------------------------------
[ERROR] COMPILATION ERROR : 
[INFO] -------------------------------------------------------------
[ERROR] /C:/Users/Sergio Vasquez/Pictures/app/src/main/java/com/sergiocodev/app/service/InventoryServiceImpl.java:[23,19] cannot find symbol
  symbol:   class StockMovementRepository
  location: class com.sergiocodev.app.service.InventoryServiceImpl
[ERROR] /C:/Users/Sergio Vasquez/Pictures/app/src/main/java/com/sergiocodev/app/service/InventoryServiceImpl.java:[17,1] cannot find symbol
  symbol:   class StockMovementRepository
  location: class com.sergiocodev.app.service.InventoryServiceImpl
[INFO] 2 errors 
[INFO] -------------------------------------------------------------
[INFO] ------------------------------------------------------------------------
[INFO] BUILD FAILURE
[INFO] ------------------------------------------------------------------------
[INFO] Total time:  14.459 s
[INFO] Finished at: 2026-02-01T01:43:55-05:00
[INFO] ------------------------------------------------------------------------
[ERROR] Failed to execute goal org.apache.maven.plugins:maven-compiler-plugin:3.14.1:compile (default-compile) on project app: Compilation failure: Compilation failure: 
[ERROR] /C:/Users/Sergio Vasquez/Pictures/app/src/main/java/com/sergiocodev/app/service/InventoryServiceImpl.java:[23,19] cannot find symbol
[ERROR]   symbol:   class StockMovementRepository
[ERROR]   location: class com.sergiocodev.app.service.InventoryServiceImpl
[ERROR] /C:/Users/Sergio Vasquez/Pictures/app/src/main/java/com/sergiocodev/app/service/InventoryServiceImpl.java:[17,1] cannot find symbol
[ERROR]   symbol:   class StockMovementRepository
[ERROR]   location: class com.sergiocodev.app.service.InventoryServiceImpl
[ERROR] -> [Help 1]
[ERROR] 
[ERROR] To see the full stack trace of the errors, re-run Maven with the -e switch.
[ERROR] Re-run Maven using the -X switch to enable full debug logging.
[ERROR] 
[ERROR] For more information about the errors and possible solutions, please read the following articles:
[ERROR] [Help 1] http://cwiki.apache.org/confluence/display/MAVEN/MojoFailureException
